Archive member included because of file (symbol)

c:/winavr/bin/../lib/gcc/avr/4.3.3/avr25\libgcc.a(_exit.o)
                              c:/winavr/bin/../lib/gcc/avr/4.3.3/../../../../avr/lib/avr25/crttn24a.o (exit)
c:/winavr/bin/../lib/gcc/avr/4.3.3/avr25\libgcc.a(_clear_bss.o)
                              dwlc_20220305.o (__do_clear_bss)

Discarded input sections

 .data          0x00000000        0x0 c:/winavr/bin/../lib/gcc/avr/4.3.3/../../../../avr/lib/avr25/crttn24a.o
 .bss           0x00000000        0x0 c:/winavr/bin/../lib/gcc/avr/4.3.3/../../../../avr/lib/avr25/crttn24a.o
 .text          0x00000000        0x0 dwlc_20220305.o
 .data          0x00000000        0x0 dwlc_20220305.o
 .bss           0x00000000        0x0 dwlc_20220305.o
 .text.GoToSleep
                0x00000000        0x0 dwlc_20220305.o
 .bss.touch_data
                0x00000000        0x0 dwlc_20220305.o
 .text          0x00000000        0x0 c:/winavr/bin/../lib/gcc/avr/4.3.3/avr25\libgcc.a(_exit.o)
 .data          0x00000000        0x0 c:/winavr/bin/../lib/gcc/avr/4.3.3/avr25\libgcc.a(_exit.o)
 .bss           0x00000000        0x0 c:/winavr/bin/../lib/gcc/avr/4.3.3/avr25\libgcc.a(_exit.o)
 .text.libgcc   0x00000000        0x0 c:/winavr/bin/../lib/gcc/avr/4.3.3/avr25\libgcc.a(_exit.o)
 .text          0x00000000        0x0 c:/winavr/bin/../lib/gcc/avr/4.3.3/avr25\libgcc.a(_clear_bss.o)
 .data          0x00000000        0x0 c:/winavr/bin/../lib/gcc/avr/4.3.3/avr25\libgcc.a(_clear_bss.o)
 .bss           0x00000000        0x0 c:/winavr/bin/../lib/gcc/avr/4.3.3/avr25\libgcc.a(_clear_bss.o)
 .text.libgcc   0x00000000        0x0 c:/winavr/bin/../lib/gcc/avr/4.3.3/avr25\libgcc.a(_clear_bss.o)

Memory Configuration

Name             Origin             Length             Attributes
text             0x00000000         0x00002000         xr
data             0x00800060         0x0000ffa0         rw !x
eeprom           0x00810000         0x00010000         rw !x
fuse             0x00820000         0x00000400         rw !x
lock             0x00830000         0x00000400         rw !x
signature        0x00840000         0x00000400         rw !x
*default*        0x00000000         0xffffffff

Linker script and memory map

LOAD c:/winavr/bin/../lib/gcc/avr/4.3.3/../../../../avr/lib/avr25/crttn24a.o
LOAD dwlc_20220305.o
START GROUP
LOAD c:/winavr/bin/../lib/gcc/avr/4.3.3/../../../../avr/lib/avr25\libm.a
END GROUP
LOAD c:/winavr/bin/../lib/gcc/avr/4.3.3/avr25\libgcc.a
LOAD c:/winavr/bin/../lib/gcc/avr/4.3.3/../../../../avr/lib/avr25\libc.a
LOAD c:/winavr/bin/../lib/gcc/avr/4.3.3/avr25\libgcc.a

.hash
 *(.hash)

.dynsym
 *(.dynsym)

.dynstr
 *(.dynstr)

.gnu.version
 *(.gnu.version)

.gnu.version_d
 *(.gnu.version_d)

.gnu.version_r
 *(.gnu.version_r)

.rel.init
 *(.rel.init)

.rela.init
 *(.rela.init)

.rel.text
 *(.rel.text)
 *(.rel.text.*)
 *(.rel.gnu.linkonce.t*)

.rela.text
 *(.rela.text)
 *(.rela.text.*)
 *(.rela.gnu.linkonce.t*)

.rel.fini
 *(.rel.fini)

.rela.fini
 *(.rela.fini)

.rel.rodata
 *(.rel.rodata)
 *(.rel.rodata.*)
 *(.rel.gnu.linkonce.r*)

.rela.rodata
 *(.rela.rodata)
 *(.rela.rodata.*)
 *(.rela.gnu.linkonce.r*)

.rel.data
 *(.rel.data)
 *(.rel.data.*)
 *(.rel.gnu.linkonce.d*)

.rela.data
 *(.rela.data)
 *(.rela.data.*)
 *(.rela.gnu.linkonce.d*)

.rel.ctors
 *(.rel.ctors)

.rela.ctors
 *(.rela.ctors)

.rel.dtors
 *(.rel.dtors)

.rela.dtors
 *(.rela.dtors)

.rel.got
 *(.rel.got)

.rela.got
 *(.rela.got)

.rel.bss
 *(.rel.bss)

.rela.bss
 *(.rela.bss)

.rel.plt
 *(.rel.plt)

.rela.plt
 *(.rela.plt)

.text           0x00000000      0x460
 *(.vectors)
 .vectors       0x00000000       0x22 c:/winavr/bin/../lib/gcc/avr/4.3.3/../../../../avr/lib/avr25/crttn24a.o
                0x00000000                __vectors
                0x00000000                __vector_default
 *(.vectors)
 *(.progmem.gcc*)
 *(.progmem*)
                0x00000022                . = ALIGN (0x2)
                0x00000022                __trampolines_start = .
 *(.trampolines)
 .trampolines   0x00000022        0x0 linker stubs
 *(.trampolines*)
                0x00000022                __trampolines_end = .
 *(.jumptables)
 *(.jumptables*)
 *(.lowtext)
 *(.lowtext*)
                0x00000022                __ctors_start = .
 *(.ctors)
                0x00000022                __ctors_end = .
                0x00000022                __dtors_start = .
 *(.dtors)
                0x00000022                __dtors_end = .
 SORT(*)(.ctors)
 SORT(*)(.dtors)
 *(.init0)
 .init0         0x00000022        0x0 c:/winavr/bin/../lib/gcc/avr/4.3.3/../../../../avr/lib/avr25/crttn24a.o
                0x00000022                __init
 *(.init0)
 *(.init1)
 *(.init1)
 *(.init2)
 .init2         0x00000022        0x8 c:/winavr/bin/../lib/gcc/avr/4.3.3/../../../../avr/lib/avr25/crttn24a.o
 *(.init2)
 *(.init3)
 *(.init3)
 *(.init4)
 .init4         0x0000002a       0x10 c:/winavr/bin/../lib/gcc/avr/4.3.3/avr25\libgcc.a(_clear_bss.o)
                0x0000002a                __do_clear_bss
 *(.init4)
 *(.init5)
 *(.init5)
 *(.init6)
 *(.init6)
 *(.init7)
 *(.init7)
 *(.init8)
 *(.init8)
 *(.init9)
 .init9         0x0000003a        0x4 c:/winavr/bin/../lib/gcc/avr/4.3.3/../../../../avr/lib/avr25/crttn24a.o
 *(.init9)
 *(.text)
 .text          0x0000003e        0x2 c:/winavr/bin/../lib/gcc/avr/4.3.3/../../../../avr/lib/avr25/crttn24a.o
                0x0000003e                __vector_1
                0x0000003e                __vector_12
                0x0000003e                __bad_interrupt
                0x0000003e                __vector_6
                0x0000003e                __vector_3
                0x0000003e                __vector_13
                0x0000003e                __vector_7
                0x0000003e                __vector_5
                0x0000003e                __vector_9
                0x0000003e                __vector_15
                0x0000003e                __vector_8
                0x0000003e                __vector_14
                0x0000003e                __vector_10
                0x0000003e                __vector_16
                0x00000040                . = ALIGN (0x2)
 *(.text.*)
 .text.InitSystem
                0x00000040       0x38 dwlc_20220305.o
                0x00000040                InitSystem
 .text.ReadAdcAndUpdateLed
                0x00000078       0x7e dwlc_20220305.o
                0x00000078                ReadAdcAndUpdateLed
 .text.HandleSystemTick
                0x000000f6       0xe4 dwlc_20220305.o
                0x000000f6                HandleSystemTick
 .text.HandleTouchKeyInput
                0x000001da      0x156 dwlc_20220305.o
                0x000001da                HandleTouchKeyInput
 .text.HandleSystemPower
                0x00000330       0x82 dwlc_20220305.o
                0x00000330                HandleSystemPower
 .text.HandlePlasmaMode
                0x000003b2       0x52 dwlc_20220305.o
                0x000003b2                HandlePlasmaMode
 .text.__vector_2
                0x00000404       0x14 dwlc_20220305.o
                0x00000404                __vector_2
 .text.__vector_11
                0x00000418       0x22 dwlc_20220305.o
                0x00000418                __vector_11
 .text.__vector_4
                0x0000043a       0x14 dwlc_20220305.o
                0x0000043a                __vector_4
 .text.main     0x0000044e        0xe dwlc_20220305.o
                0x0000044e                main
                0x0000045c                . = ALIGN (0x2)
 *(.fini9)
 .fini9         0x0000045c        0x0 c:/winavr/bin/../lib/gcc/avr/4.3.3/avr25\libgcc.a(_exit.o)
                0x0000045c                exit
                0x0000045c                _exit
 *(.fini9)
 *(.fini8)
 *(.fini8)
 *(.fini7)
 *(.fini7)
 *(.fini6)
 *(.fini6)
 *(.fini5)
 *(.fini5)
 *(.fini4)
 *(.fini4)
 *(.fini3)
 *(.fini3)
 *(.fini2)
 *(.fini2)
 *(.fini1)
 *(.fini1)
 *(.fini0)
 .fini0         0x0000045c        0x4 c:/winavr/bin/../lib/gcc/avr/4.3.3/avr25\libgcc.a(_exit.o)
 *(.fini0)
                0x00000460                _etext = .

.data           0x00800060        0x0 load address 0x00000460
                0x00800060                PROVIDE (__data_start, .)
 *(.data)
 *(.data*)
 *(.rodata)
 *(.rodata*)
 *(.gnu.linkonce.d*)
                0x00800060                . = ALIGN (0x2)
                0x00800060                _edata = .
                0x00800060                PROVIDE (__data_end, .)

.bss            0x00800060       0x15
                0x00800060                PROVIDE (__bss_start, .)
 *(.bss)
 *(.bss*)
 .bss.flag      0x00800060        0x1 dwlc_20220305.o
                0x00800060                flag
 .bss.tim_base  0x00800061        0x1 dwlc_20220305.o
                0x00800061                tim_base
 .bss.touch_chat
                0x00800062        0x1 dwlc_20220305.o
                0x00800062                touch_chat
 .bss.touch_prev
                0x00800063        0x1 dwlc_20220305.o
                0x00800063                touch_prev
 .bss.touch_curr
                0x00800064        0x1 dwlc_20220305.o
                0x00800064                touch_curr
 .bss.sys_mode  0x00800065        0x1 dwlc_20220305.o
                0x00800065                sys_mode
 .bss.charger_mode
                0x00800066        0x1 dwlc_20220305.o
                0x00800066                charger_mode
 .bss.plasma_period
                0x00800067        0x2 dwlc_20220305.o
                0x00800067                plasma_period
 .bss.plasma_duty
                0x00800069        0x2 dwlc_20220305.o
                0x00800069                plasma_duty
 .bss.plasma_cnt
                0x0080006b        0x2 dwlc_20220305.o
                0x0080006b                plasma_cnt
 .bss.led_period
                0x0080006d        0x2 dwlc_20220305.o
                0x0080006d                led_period
 .bss.led_duty  0x0080006f        0x2 dwlc_20220305.o
                0x0080006f                led_duty
 .bss.led_cnt   0x00800071        0x2 dwlc_20220305.o
                0x00800071                led_cnt
 .bss.power_touch_chat
                0x00800073        0x2 dwlc_20220305.o
                0x00800073                power_touch_chat
 *(COMMON)
                0x00800075                PROVIDE (__bss_end, .)
                0x00000460                __data_load_start = LOADADDR (.data)
                0x00000460                __data_load_end = (__data_load_start + SIZEOF (.data))

.noinit         0x00800075        0x0
                0x00800075                PROVIDE (__noinit_start, .)
 *(.noinit*)
                0x00800075                PROVIDE (__noinit_end, .)
                0x00800075                _end = .
                0x00800075                PROVIDE (__heap_start, .)

.eeprom         0x00810000        0x0
 *(.eeprom*)
                0x00810000                __eeprom_end = .

.fuse
 *(.fuse)
 *(.lfuse)
 *(.hfuse)
 *(.efuse)

.lock
 *(.lock*)

.signature
 *(.signature*)

.stab
 *(.stab)

.stabstr
 *(.stabstr)

.stab.excl
 *(.stab.excl)

.stab.exclstr
 *(.stab.exclstr)

.stab.index
 *(.stab.index)

.stab.indexstr
 *(.stab.indexstr)

.comment
 *(.comment)

.debug
 *(.debug)

.line
 *(.line)

.debug_srcinfo
 *(.debug_srcinfo)

.debug_sfnames
 *(.debug_sfnames)

.debug_aranges  0x00000000       0x70
 *(.debug_aranges)
 .debug_aranges
                0x00000000       0x70 dwlc_20220305.o

.debug_pubnames
                0x00000000      0x1b4
 *(.debug_pubnames)
 .debug_pubnames
                0x00000000      0x1b4 dwlc_20220305.o

.debug_info     0x00000000      0x2fc
 *(.debug_info)
 .debug_info    0x00000000      0x2fc dwlc_20220305.o
 *(.gnu.linkonce.wi.*)

.debug_abbrev   0x00000000       0xf5
 *(.debug_abbrev)
 .debug_abbrev  0x00000000       0xf5 dwlc_20220305.o

.debug_line     0x00000000      0x651
 *(.debug_line)
 .debug_line    0x00000000      0x651 dwlc_20220305.o

.debug_frame    0x00000000       0xc0
 *(.debug_frame)
 .debug_frame   0x00000000       0xc0 dwlc_20220305.o

.debug_str      0x00000000      0x252
 *(.debug_str)
 .debug_str     0x00000000      0x252 dwlc_20220305.o
                                0x291 (size before relaxing)

.debug_loc      0x00000000       0x2b
 *(.debug_loc)
 .debug_loc     0x00000000       0x2b dwlc_20220305.o

.debug_macinfo
 *(.debug_macinfo)
OUTPUT(CarPlasmaSterilizer.elf elf32-avr)
LOAD linker stubs

.debug_ranges   0x00000000       0x68
 .debug_ranges  0x00000000       0x68 dwlc_20220305.o
